###############################################################################
#
# IAR ELF Linker V8.20.2.14835/W32 for ARM                10/Aug/2018  15:14:03
# Copyright 2007-2017 IAR Systems AB.
#
#    Output file  =  
#        D:\flyWork\token4SZT\inmiga\user\EWARM\Debug\Exe\inmigaTag.out
#    Map file     =  
#        D:\flyWork\token4SZT\inmiga\user\EWARM\Debug\List\inmigaTag.map
#    Command line =  
#        -f C:\Users\lenovo\AppData\Local\Temp\EWB284.tmp
#        (D:\flyWork\token4SZT\inmiga\user\EWARM\Debug\Obj\clk.o
#        D:\flyWork\token4SZT\inmiga\user\EWARM\Debug\Obj\ct.o
#        D:\flyWork\token4SZT\inmiga\user\EWARM\Debug\Obj\ddl.o
#        D:\flyWork\token4SZT\inmiga\user\EWARM\Debug\Obj\des.o
#        D:\flyWork\token4SZT\inmiga\user\EWARM\Debug\Obj\exint.o
#        D:\flyWork\token4SZT\inmiga\user\EWARM\Debug\Obj\gpio.o
#        D:\flyWork\token4SZT\inmiga\user\EWARM\Debug\Obj\interrupts_hc32l15.o
#        D:\flyWork\token4SZT\inmiga\user\EWARM\Debug\Obj\lpm.o
#        D:\flyWork\token4SZT\inmiga\user\EWARM\Debug\Obj\lvd.o
#        D:\flyWork\token4SZT\inmiga\user\EWARM\Debug\Obj\main.o
#        D:\flyWork\token4SZT\inmiga\user\EWARM\Debug\Obj\paperDrv.o
#        D:\flyWork\token4SZT\inmiga\user\EWARM\Debug\Obj\sci.o
#        D:\flyWork\token4SZT\inmiga\user\EWARM\Debug\Obj\startup_hc32l15.o
#        D:\flyWork\token4SZT\inmiga\user\EWARM\Debug\Obj\system_hc32l15.o
#        D:\flyWork\token4SZT\inmiga\user\EWARM\Debug\Obj\timeOut.o
#        D:\flyWork\token4SZT\inmiga\user\EWARM\Debug\Obj\tokenBsp.o
#        D:\flyWork\token4SZT\inmiga\user\EWARM\Debug\Obj\tokenCon.o -o
#        D:\flyWork\token4SZT\inmiga\user\EWARM\Debug\Exe\inmigaTag.out --map
#        D:\flyWork\token4SZT\inmiga\user\EWARM\Debug\List\inmigaTag.map
#        --config D:\flyWork\token4SZT\inmiga\user\EWARM\HC32L15.icf
#        --semihosting --entry __iar_program_start --vfe --text_out locale)
#
###############################################################################

*******************************************************************************
*** RUNTIME MODEL ATTRIBUTES
***

CppFlavor       = *
__SystemLibrary = DLib
__dlib_version  = 6


*******************************************************************************
*** HEAP SELECTION
***

The basic heap was selected because no calls to memory allocation
functions were found in the application outside of system library
functions, and there are calls to deallocation functions in the
application.


*******************************************************************************
*** PLACEMENT SUMMARY
***

"A0":  place at 0x00000000 { ro section .intvec };
"P1":  place in [from 0x00000000 to 0x0001ffff] { ro };
define block CSTACK with size = 1K, alignment = 8 { };
define block HEAP with size = 0M, alignment = 8 { };
"P2":  place in [from 0x20000000 to 0x200017ff] {
          rw, block CSTACK, block HEAP };
initialize by copy { rw };

  Section            Kind        Address    Size  Object
  -------            ----        -------    ----  ------
"A0":                                       0xc0
  .intvec            ro code  0x00000000    0xc0  startup_hc32l15.o [1]
                            - 0x000000c0    0xc0

"P1":                                     0x2e56
  .text              ro code  0x000000c0   0x910  sci.o [1]
  .text              ro code  0x000009d0    0x24  ABIassert.o [5]
  .text              ro code  0x000009f4     0xa  abort.o [3]
  .text              ro code  0x000009fe     0x2  startup_hc32l15.o [1]
  .text              ro code  0x00000a00    0x14  exit.o [5]
  .text              ro code  0x00000a14   0x79c  clk.o [1]
  .text              ro code  0x000011b0    0x3c  system_hc32l15.o [1]
  .text              ro code  0x000011ec    0xae  I32DivModFast.o [4]
  .text              ro code  0x0000129a     0x2  startup_hc32l15.o [1]
  .text              ro code  0x0000129c     0x2  IntDivZer.o [4]
  .text              ro code  0x0000129e     0x2  startup_hc32l15.o [1]
  .text              ro code  0x000012a0   0x678  ct.o [1]
  .text              ro code  0x00001918   0x444  interrupts_hc32l15.o [1]
  .text              ro code  0x00001d5c   0x2e4  exint.o [1]
  .text              ro code  0x00002040   0x118  lvd.o [1]
  .text              ro code  0x00002158   0x414  tokenCon.o [1]
  .text              ro code  0x0000256c   0x234  gpio.o [1]
  .text              ro code  0x000027a0    0x48  ddl.o [1]
  .text              ro code  0x000027e8    0xa6  timeOut.o [1]
  .text              ro code  0x0000288e     0x2  startup_hc32l15.o [1]
  .text              ro code  0x00002890   0x260  paperDrv.o [1]
  .text              ro code  0x00002af0    0xb8  tokenBsp.o [1]
  .text              ro code  0x00002ba8    0x8c  main.o [1]
  .text              ro code  0x00002c34    0x3c  zero_init3.o [4]
  .text              ro code  0x00002c70    0x3c  packbits_init_single.o [4]
  .rodata            const    0x00002cac    0x30  clk.o [1]
  .rodata            const    0x00002cdc    0x30  exint.o [1]
  .rodata            const    0x00002d0c    0x30  lvd.o [1]
  .rodata            const    0x00002d3c    0x30  sci.o [1]
  .rodata            const    0x00002d6c    0x2c  ct.o [1]
  .text              ro code  0x00002d98    0x28  startup_hc32l15.o [1]
  .text              ro code  0x00002dc0    0x28  data_init.o [4]
  .iar.init_table    const    0x00002de8    0x20  - Linker created -
  .text              ro code  0x00002e08    0x1e  cmain.o [4]
  .text              ro code  0x00002e26     0x4  low_level_init.o [3]
  .text              ro code  0x00002e2a     0x8  exit.o [3]
  .text              ro code  0x00002e32     0x2  startup_hc32l15.o [1]
  .text              ro code  0x00002e34     0xa  cexit.o [4]
  .text              ro code  0x00002e3e     0xc  cstartup_M.o [4]
  .text              ro code  0x00002e4a     0x2  startup_hc32l15.o [1]
  .rodata            const    0x00002e4c     0x8  clk.o [1]
  .rodata            const    0x00002e54     0x8  ct.o [1]
  .rodata            const    0x00002e5c     0x8  exint.o [1]
  .rodata            const    0x00002e64     0x8  lvd.o [1]
  .rodata            const    0x00002e6c     0x8  sci.o [1]
  .rodata            const    0x00002e74     0x8  tokenCon.o [1]
  .rodata            const    0x00002e7c     0x8  tokenCon.o [1]
  .rodata            const    0x00002e84     0x4  clk.o [1]
  .text              ro code  0x00002e88     0x2  startup_hc32l15.o [1]
  .text              ro code  0x00002e8a     0x2  startup_hc32l15.o [1]
  .text              ro code  0x00002e8c     0x2  startup_hc32l15.o [1]
  .text              ro code  0x00002e8e     0x2  startup_hc32l15.o [1]
  .text              ro code  0x00002e90     0x2  startup_hc32l15.o [1]
  .text              ro code  0x00002e92     0x2  startup_hc32l15.o [1]
  .text              ro code  0x00002e94     0x2  startup_hc32l15.o [1]
  .rodata            const    0x00002e96     0x1  sci.o [1]
  .rodata            const    0x00002e97     0x1  sci.o [1]
  .rodata            const    0x00002e98     0x0  zero_init3.o [4]
  .rodata            const    0x00002e98     0x0  packbits_init_single.o [4]
  Initializer bytes  const    0x00002e98    0x7e  <for P2-1>
                            - 0x00002f16  0x2e56

"P2", part 1 of 3:                          0xce
  P2-1                        0x20000000    0xce  <Init block>
    .data            inited   0x20000000    0xa0  ct.o [1]
    .data            inited   0x200000a0     0x4  system_hc32l15.o [1]
    .data            inited   0x200000a4     0x8  tokenCon.o [1]
    .data            inited   0x200000ac     0x8  tokenCon.o [1]
    .data            inited   0x200000b4     0x8  tokenCon.o [1]
    .data            inited   0x200000bc    0x10  tokenCon.o [1]
    .data            inited   0x200000cc     0x2  tokenCon.o [1]
                            - 0x200000ce    0xce

"P2", part 2 of 3:                          0xf8
  .bss               zero     0x200000d0    0x80  tokenCon.o [1]
  .bss               zero     0x20000150    0x40  exint.o [1]
  .bss               zero     0x20000190    0x10  sci.o [1]
  .bss               zero     0x200001a0     0x8  lvd.o [1]
  .bss               zero     0x200001a8     0x4  clk.o [1]
  .bss               zero     0x200001ac     0x4  clk.o [1]
  .bss               zero     0x200001b0     0x4  clk.o [1]
  .bss               zero     0x200001b4     0x4  clk.o [1]
  .bss               zero     0x200001b8     0x4  exint.o [1]
  .bss               zero     0x200001bc     0x1  paperDrv.o [1]
  .bss               zero     0x200001bd     0x1  paperDrv.o [1]
  .bss               zero     0x200001be     0x1  paperDrv.o [1]
  .bss               zero     0x200001bf     0x1  timeOut.o [1]
  .bss               zero     0x200001c0     0x1  tokenBsp.o [1]
  .bss               zero     0x200001c1     0x1  tokenBsp.o [1]
  .bss               zero     0x200001c2     0x1  tokenCon.o [1]
  .bss               zero     0x200001c3     0x1  tokenCon.o [1]
  .bss               zero     0x200001c4     0x1  tokenCon.o [1]
  .bss               zero     0x200001c5     0x1  tokenCon.o [1]
                            - 0x200001c6    0xf6

"P2", part 3 of 3:                         0x400
  CSTACK                      0x200001c8   0x400  <Block>
    CSTACK           uninit   0x200001c8   0x400  <Block tail>
                            - 0x200005c8   0x400


*******************************************************************************
*** INIT TABLE
***

          Address     Size
          -------     ----
Zero (__iar_zero_init3)
    1 destination range, total size 0xf6:
          0x200000d0  0xf6

Copy/packbits (__iar_packbits_init_single3)
    1 source range, total size 0x7e (61% of destination):
          0x00002e98  0x7e
    1 destination range, total size 0xce:
          0x20000000  0xce



*******************************************************************************
*** MODULE SUMMARY
***

    Module                  ro code  ro data  rw data
    ------                  -------  -------  -------
D:\flyWork\token4SZT\inmiga\user\EWARM\Debug\Obj: [1]
    clk.o                     1 948       60       16
    ct.o                      1 656      149      160
    ddl.o                        72
    exint.o                     740       56       68
    gpio.o                      564
    interrupts_hc32l15.o      1 092
    lvd.o                       280       56        8
    main.o                      140
    paperDrv.o                  608                 3
    sci.o                     2 320       58       16
    startup_hc32l15.o           258
    system_hc32l15.o             60        3        4
    timeOut.o                   166                 1
    tokenBsp.o                  184                 2
    tokenCon.o                1 044       41      174
    -------------------------------------------------
    Total:                   11 132      423      452

command line: [2]
    -------------------------------------------------
    Total:

dl6M_tlf.a: [3]
    abort.o                      10
    exit.o                        8
    low_level_init.o              4
    -------------------------------------------------
    Total:                       22

rt6M_tl.a: [4]
    I32DivModFast.o             174
    IntDivZer.o                   2
    cexit.o                      10
    cmain.o                      30
    cstartup_M.o                 12
    data_init.o                  40
    packbits_init_single.o       60
    zero_init3.o                 60
    -------------------------------------------------
    Total:                      388

shb_l.a: [5]
    ABIassert.o                  36
    exit.o                       20
    -------------------------------------------------
    Total:                       56

    Linker created                        33    1 024
-----------------------------------------------------
    Grand Total:             11 598      456    1 476


*******************************************************************************
*** ENTRY LIST
***

Entry                      Address   Size  Type      Object
-----                      -------   ----  ----      ------
.iar.init_table$$Base   0x00002de8          --   Gb  - Linker created -
.iar.init_table$$Limit  0x00002e08          --   Gb  - Linker created -
?main                   0x00002e09         Code  Gb  cmain.o [4]
CSTACK$$Base            0x200001c8          --   Gb  - Linker created -
CSTACK$$Limit           0x200005c8          --   Gb  - Linker created -
ClkEnableIrq            0x00000bd9   0xe0  Code  Lc  clk.o [1]
ClkEnableNvic           0x00000ad3   0x18  Code  Lc  clk.o [1]
ClkSetHICR              0x00000aeb   0x20  Code  Lc  clk.o [1]
ClkSetHSXT              0x00000b0b   0x6e  Code  Lc  clk.o [1]
ClkSetLICR              0x00000b79   0x14  Code  Lc  clk.o [1]
ClkSetLSXT              0x00000b8d   0x34  Code  Lc  clk.o [1]
Clk_CsvIrqHandler       0x00000ce1   0x8a  Code  Gb  clk.o [1]
Clk_Enable              0x00001069   0xdc  Code  Gb  clk.o [1]
Clk_GetSourceFreq       0x00000df1   0x8c  Code  Gb  clk.o [1]
Clk_GetSystemClk        0x00000e7d   0x64  Code  Gb  clk.o [1]
Clk_HSXTRdy_IrqHandler  0x00000cb9   0x20  Code  Gb  clk.o [1]
Clk_Init                0x00000f19  0x142  Code  Gb  clk.o [1]
Clk_SetHICRFreq         0x0000116d   0x2c  Code  Gb  clk.o [1]
Clk_SwitchTo            0x00000d6d   0x84  Code  Gb  clk.o [1]
CtEnableNvic            0x000013c1   0x18  Code  Lc  ct.o [1]
CtGetInstanceDataPtr    0x0000135f   0x62  Code  Lc  ct.o [1]
Ct_Irq0Handler          0x000013d9   0xa2  Code  Gb  ct.o [1]
Ct_Irq1Handler          0x0000147b   0x80  Code  Gb  ct.o [1]
Ct_Rt_DisableCount      0x00001805   0x4a  Code  Gb  ct.o [1]
Ct_Rt_EnableCount       0x000017ad   0x4a  Code  Gb  ct.o [1]
Ct_Rt_EnableSwTrig      0x00001859   0x4a  Code  Gb  ct.o [1]
Ct_Rt_Init              0x0000151d  0x27c  Code  Gb  ct.o [1]
Ct_Rt_WriteCycleVal     0x000018a9   0x46  Code  Gb  ct.o [1]
EPD_W21_Init            0x000029db   0x28  Code  Gb  paperDrv.o [1]
EPD_W21_WriteCMD        0x00002913   0x32  Code  Lc  paperDrv.o [1]
EPD_W21_WriteDATA       0x00002945   0x32  Code  Lc  paperDrv.o [1]
EPD_display_init        0x00002a03   0xb4  Code  Gb  paperDrv.o [1]
Exint_Init              0x00001ed9  0x114  Code  Gb  exint.o [1]
Exint_Nmi_Init          0x00002019   0x16  Code  Gb  exint.o [1]
Exint_Nmi_IrqFlagClear  0x0000202f    0xa  Code  Gb  exint.o [1]
Exti_07IrqHandler       0x00001e1b   0x5a  Code  Gb  exint.o [1]
Exti_815IrqHandler      0x00001e75   0x5a  Code  Gb  exint.o [1]
GPIO_Configuration      0x00002c29    0xc  Code  Lc  main.o [1]
Gpio_GetIO              0x00002731   0x22  Code  Gb  gpio.o [1]
Gpio_InitIO             0x000026b3   0x5c  Code  Gb  gpio.o [1]
Gpio_SetAnalog          0x0000256d  0x146  Code  Gb  gpio.o [1]
Gpio_SetIO              0x0000270f   0x22  Code  Gb  gpio.o [1]
HRES                    0x200001bc    0x1  Data  Gb  paperDrv.o [1]
IRQ000_Handler          0x00001a03    0xa  Code  Gb  interrupts_hc32l15.o [1]
IRQ001_Handler          0x00001a0d    0xa  Code  Gb  interrupts_hc32l15.o [1]
IRQ002_Handler          0x00001a17    0xa  Code  Gb  interrupts_hc32l15.o [1]
IRQ004_Handler          0x00001a21   0x2e  Code  Gb  interrupts_hc32l15.o [1]
IRQ005_Handler          0x00001a4f   0x30  Code  Gb  interrupts_hc32l15.o [1]
IRQ006_Handler          0x00001a7f   0x1c  Code  Gb  interrupts_hc32l15.o [1]
IRQ007_Handler          0x00001a9b   0x1a  Code  Gb  interrupts_hc32l15.o [1]
IRQ008_Handler          0x00001ab5   0x32  Code  Gb  interrupts_hc32l15.o [1]
IRQ009_Handler          0x00001ae7   0x1a  Code  Gb  interrupts_hc32l15.o [1]
IRQ010_Handler          0x00001b01   0x32  Code  Gb  interrupts_hc32l15.o [1]
IRQ011_Handler          0x00001b33   0x1a  Code  Gb  interrupts_hc32l15.o [1]
IRQ012_Handler          0x00001b4d   0x32  Code  Gb  interrupts_hc32l15.o [1]
IRQ015_Handler          0x00001b7f   0x1a  Code  Gb  interrupts_hc32l15.o [1]
IRQ016_Handler          0x00001b99   0x32  Code  Gb  interrupts_hc32l15.o [1]
IRQ017_Handler          0x00001bcb   0x1a  Code  Gb  interrupts_hc32l15.o [1]
IRQ018_Handler          0x00001be5   0x32  Code  Gb  interrupts_hc32l15.o [1]
IRQ019_Handler          0x00001c17   0x1a  Code  Gb  interrupts_hc32l15.o [1]
IRQ020_Handler          0x00001c31   0x32  Code  Gb  interrupts_hc32l15.o [1]
IRQ024_Handler          0x00001c63   0x3a  Code  Gb  interrupts_hc32l15.o [1]
IRQ025_Handler          0x00001c9d   0x1c  Code  Gb  interrupts_hc32l15.o [1]
IRQ026_Handler          0x00001cc1    0xa  Code  Gb  interrupts_hc32l15.o [1]
IRQ027_Handler          0x00001ccb    0xa  Code  Gb  interrupts_hc32l15.o [1]
IRQ031_Handler          0x00001cd5   0x42  Code  Gb  interrupts_hc32l15.o [1]
Lvd_GetStat             0x00002091   0xb8  Code  Gb  lvd.o [1]
Lvd_IrqHandler          0x00002041   0x42  Code  Gb  lvd.o [1]
MSCRX_IRQHander2        0x00001919   0x3e  Code  Gb  interrupts_hc32l15.o [1]
MSCSTAT_IRQHander2      0x00001995   0x3e  Code  Gb  interrupts_hc32l15.o [1]
MSCTX_IRQHander2        0x00001957   0x3e  Code  Gb  interrupts_hc32l15.o [1]
NMI_Handler             0x000019d3   0x30  Code  Gb  interrupts_hc32l15.o [1]
NVIC_ClearPendingIRQ    0x00000a2d   0x18  Code  Lc  clk.o [1]
NVIC_ClearPendingIRQ    0x000012b9   0x18  Code  Lc  ct.o [1]
NVIC_ClearPendingIRQ    0x00001d75   0x18  Code  Lc  exint.o [1]
NVIC_ClearPendingIRQ    0x000000d9   0x18  Code  Lc  sci.o [1]
NVIC_EnableIRQ          0x00000a15   0x18  Code  Lc  clk.o [1]
NVIC_EnableIRQ          0x000012a1   0x18  Code  Lc  ct.o [1]
NVIC_EnableIRQ          0x00001d5d   0x18  Code  Lc  exint.o [1]
NVIC_EnableIRQ          0x000000c1   0x18  Code  Lc  sci.o [1]
NVIC_SetPriority        0x00000a45   0x8e  Code  Lc  clk.o [1]
NVIC_SetPriority        0x000012d1   0x8e  Code  Lc  ct.o [1]
NVIC_SetPriority        0x00001d8d   0x8e  Code  Lc  exint.o [1]
NVIC_SetPriority        0x000000f1   0x8e  Code  Lc  sci.o [1]
Nmi_IrqHandler          0x00001ecf    0xa  Code  Gb  exint.o [1]
RCC_Configuration       0x00002be7   0x38  Code  Lc  main.o [1]
Region$$Table$$Base     0x00002de8          --   Gb  - Linker created -
Region$$Table$$Limit    0x00002e08          --   Gb  - Linker created -
RtUnderflowIrqHandler   0x000027e9    0x8  Code  Lc  timeOut.o [1]
RxIntCb                 0x00002159   0x4c  Code  Gb  tokenCon.o [1]
SPI_Delay               0x00002891   0x20  Code  Lc  paperDrv.o [1]
SPI_Write               0x000028b1   0x62  Code  Lc  paperDrv.o [1]
SciInitNvic             0x0000017f   0x18  Code  Lc  sci.o [1]
Sci_ClearFifoStatus     0x000007c9   0x5c  Code  Gb  sci.o [1]
Sci_ClearIrqStatus      0x000008b9   0x7a  Code  Gb  sci.o [1]
Sci_ClearReadFifo       0x00000955   0x10  Code  Gb  sci.o [1]
Sci_ClearStatus         0x00000689   0x60  Code  Gb  sci.o [1]
Sci_ClearWriteFifo      0x00000945   0x10  Code  Gb  sci.o [1]
Sci_DisableIrq          0x000002c9   0x7a  Code  Gb  sci.o [1]
Sci_Enable              0x00000551   0x10  Code  Gb  sci.o [1]
Sci_EnableClock         0x000005a9   0x10  Code  Gb  sci.o [1]
Sci_EnableIrq           0x0000024f   0x7a  Code  Gb  sci.o [1]
Sci_EnableReset         0x00000995   0x10  Code  Gb  sci.o [1]
Sci_GetFifoStatus       0x000006f5   0xd4  Code  Gb  sci.o [1]
Sci_GetIrqStatus        0x0000082d   0x84  Code  Gb  sci.o [1]
Sci_GetStatus           0x000005e5   0x9a  Code  Gb  sci.o [1]
Sci_GetWriteFifoCurCnt  0x00000965    0xa  Code  Gb  sci.o [1]
Sci_Init                0x00000369  0x1e2  Code  Gb  sci.o [1]
Sci_InitStatus          0x000005db    0xa  Code  Gb  sci.o [1]
Sci_IrqHandler          0x00000197   0xb8  Code  Gb  sci.o [1]
Sci_ReceiveData         0x0000093d    0x8  Code  Gb  sci.o [1]
Sci_ResetHigh           0x00000975   0x10  Code  Gb  sci.o [1]
Sci_ResetLow            0x00000985   0x10  Code  Gb  sci.o [1]
Sci_SendData            0x00000933    0xa  Code  Gb  sci.o [1]
Sci_SetBaudRate         0x000005c1   0x1a  Code  Gb  sci.o [1]
Sci_SetClock            0x00000561   0x40  Code  Gb  sci.o [1]
SystemCoreClock         0x200000a0    0x4  Data  Gb  system_hc32l15.o [1]
SystemCoreClockUpdate   0x000011cb    0xc  Code  Gb  system_hc32l15.o [1]
SystemInit              0x000011b1   0x1a  Code  Gb  system_hc32l15.o [1]
TxIntCb                 0x000021a5   0x3c  Code  Gb  tokenCon.o [1]
VRES_byte1              0x200001bd    0x1  Data  Gb  paperDrv.o [1]
VRES_byte2              0x200001be    0x1  Data  Gb  paperDrv.o [1]
__aeabi_assert          0x000009d1   0x24  Code  Gb  ABIassert.o [5]
__aeabi_idiv0           0x0000129d         Code  Gb  IntDivZer.o [4]
__aeabi_uidiv           0x000011ed         Code  Gb  I32DivModFast.o [4]
__aeabi_uidivmod        0x000011ed         Code  Gb  I32DivModFast.o [4]
__cmain                 0x00002e09         Code  Gb  cmain.o [4]
__exit                  0x00000a01   0x14  Code  Gb  exit.o [5]
__iar_data_init3        0x00002dc1   0x28  Code  Gb  data_init.o [4]
__iar_packbits_init_single3
                        0x00002c71   0x3c  Code  Gb  packbits_init_single.o [4]
__iar_program_start     0x00002e3f         Code  Gb  cstartup_M.o [4]
__iar_systems$$module {Abs}
                        0x00000001         Data  Gb  command line/config [2]
__iar_zero_init3        0x00002c35   0x3c  Code  Gb  zero_init3.o [4]
__low_level_init        0x00002e27    0x4  Code  Gb  low_level_init.o [3]
__vector_table          0x00000000         Data  Gb  startup_hc32l15.o [1]
_call_main              0x00002e15         Code  Gb  cmain.o [4]
_exit                   0x00002e35         Code  Gb  cexit.o [4]
_main                   0x00002e23         Code  Gb  cmain.o [4]
abort                   0x000009f5    0xa  Code  Gb  abort.o [3]
adfCreate               0x00002435  0x10e  Code  Gb  tokenCon.o [1]
bspConfig               0x00002b07   0x7c  Code  Gb  tokenBsp.o [1]
ddl_memclr              0x000027a1   0x18  Code  Gb  ddl.o [1]
delay1ms                0x000027b9   0x2c  Code  Gb  ddl.o [1]
exit                    0x00002e2b    0x8  Code  Gb  exit.o [3]
getMFCmdContent         0x200000cc    0x2  Data  Gb  tokenCon.o [1]
getMFCmdHeader          0x200000ac    0x8  Data  Gb  tokenCon.o [1]
getResponseCmd          0x200000a4    0x8  Data  Gb  tokenCon.o [1]
keyDownCallback         0x00002aff    0x8  Code  Lc  tokenBsp.o [1]
keyDownPress            0x200001c1    0x1  Data  Gb  tokenBsp.o [1]
keyUpCallback           0x00002af1    0xe  Code  Lc  tokenBsp.o [1]
keyUpPress              0x200001c0    0x1  Data  Gb  tokenBsp.o [1]
lcd_chkstatus           0x00002ac5   0x2c  Code  Gb  paperDrv.o [1]
m_astcCtInstanceDataLut
                        0x20000000   0xa0  Data  Lc  ct.o [1]
main                    0x00002ba9   0x3e  Code  Gb  main.o [1]
paperIOInit             0x00002977   0x64  Code  Gb  paperDrv.o [1]
pfnFcsCallback          0x200001a8    0x4  Data  Lc  clk.o [1]
pfnHSXTCallback         0x200001ac    0x4  Data  Lc  clk.o [1]
pfnHSXTFailCallback     0x200001b0    0x4  Data  Lc  clk.o [1]
pfnLSXTFailCallback     0x200001b4    0x4  Data  Lc  clk.o [1]
pfnLvdIrqCbk            0x200001a0    0x8  Data  Lc  lvd.o [1]
sciRxBuf                0x200000d0   0x80  Data  Gb  tokenCon.o [1]
sciRxOffset             0x200001c2    0x1  Data  Gb  tokenCon.o [1]
sciTxErrFlag            0x200001c3    0x1  Data  Lc  tokenCon.o [1]
sciTxFinState           0x200001c4    0x1  Data  Lc  tokenCon.o [1]
sciTxPendCnt            0x200001c5    0x1  Data  Lc  tokenCon.o [1]
setADF4BikeCmdContent   0x200000bc   0x10  Data  Gb  tokenCon.o [1]
setADF4BikeCmdHeader    0x200000b4    0x8  Data  Gb  tokenCon.o [1]
stcExintInternData      0x20000150   0x40  Data  Gb  exint.o [1]
stcExintNMIInternData   0x200001b8    0x4  Data  Gb  exint.o [1]
stcSciIrqCb             0x20000190   0x10  Data  Lc  sci.o [1]
timeOutFlag             0x200001bf    0x1  Data  Gb  timeOut.o [1]
timeOutStart            0x000027f1   0x8a  Code  Gb  timeOut.o [1]
timeOutStop             0x00002885    0xa  Code  Gb  timeOut.o [1]
tokenConfig             0x000022d3   0x92  Code  Gb  tokenCon.o [1]
tokenControl            0x00002365   0x9a  Code  Gb  tokenCon.o [1]
tokenDisableTrx         0x000022c9    0xa  Code  Gb  tokenCon.o [1]
tokenEnableTrx          0x000022bf    0xa  Code  Gb  tokenCon.o [1]
tokenIOInit             0x000021e1   0x7e  Code  Gb  tokenCon.o [1]
tokenPowerOff           0x000022b1    0xe  Code  Gb  tokenCon.o [1]
tokenPowerOn            0x000022a3    0xe  Code  Gb  tokenCon.o [1]
tokenReset              0x0000225f   0x44  Code  Gb  tokenCon.o [1]


[1] = D:\flyWork\token4SZT\inmiga\user\EWARM\Debug\Obj
[2] = command line
[3] = dl6M_tlf.a
[4] = rt6M_tl.a
[5] = shb_l.a

  11 598 bytes of readonly  code memory
     456 bytes of readonly  data memory
   1 476 bytes of readwrite data memory

Errors: none
Warnings: none
